watch: fetching every 60 min until 2026-09-05 00:55 PKT. Ctrl-C to stop.
no results yet (first round lands ~an interval after schedule).
Network unreachable
Network unreachable
Network unreachable
Network unreachable
Network unreachable
Network unreachable
Network unreachable
Network unreachable
Network unreachable
Network unreachable
Network unreachable
Network unreachable
Network unreachable
Network unreachable
Network unreachable
Network unreachable
[09:49:05] rows: 2488 (ping 2241, trace 247) -> panel_20260829_044905.csv + routes_20260829_044905.txt
Network unreachable
Network unreachable
Network unreachable
Network unreachable
Network unreachable
Network unreachable
Network unreachable
Network unreachable
Network unreachable
Network unreachable
Network unreachable
Network unreachable
Network unreachable
Network unreachable
Network unreachable
Network unreachable
[11:08:51] rows: 2659 (ping 2412, trace 247) -> panel_20260829_060851.csv + routes_20260829_060851.txt
Network unreachable
Network unreachable
Network unreachable
Network unreachable
Network unreachable
Network unreachable
Network unreachable
Network unreachable
Network unreachable
Network unreachable
Network unreachable
Network unreachable
Network unreachable
Network unreachable
Network unreachable
Network unreachable
[13:17:14] rows: 3678 (ping 3193, trace 485) -> panel_20260829_081714.csv + routes_20260829_081714.txt
Network unreachable
Network unreachable
Network unreachable
Network unreachable
Network unreachable
Network unreachable
Network unreachable
Network unreachable
Network unreachable
Network unreachable
Network unreachable
Network unreachable
Network unreachable
Network unreachable
Network unreachable
Network unreachable
[14:17:49] rows: 3916 (ping 3431, trace 485) -> panel_20260829_091749.csv + routes_20260829_091749.txt
Network unreachable
Network unreachable
Network unreachable
Network unreachable
Network unreachable
Network unreachable
Network unreachable
Network unreachable
Network unreachable
Network unreachable
Network unreachable
Network unreachable
Network unreachable
Network unreachable
Network unreachable
Network unreachable
[15:18:26] rows: 4154 (ping 3669, trace 485) -> panel_20260829_101826.csv + routes_20260829_101826.txt
Network unreachable
Network unreachable
Network unreachable
Network unreachable
Network unreachable
Network unreachable
Network unreachable
Network unreachable
Network unreachable
Network unreachable
Network unreachable
Network unreachable
Network unreachable
Network unreachable
Network unreachable
Network unreachable
[16:19:00] rows: 4368 (ping 3883, trace 485) -> panel_20260829_111900.csv + routes_20260829_111900.txt
Network unreachable
Network unreachable
Network unreachable
Network unreachable
Network unreachable
Network unreachable
Network unreachable
Network unreachable
Network unreachable
Network unreachable
Network unreachable
Network unreachable
Network unreachable
Network unreachable
Network unreachable
Network unreachable
[17:19:38] rows: 4589 (ping 4104, trace 485) -> panel_20260829_121938.csv + routes_20260829_121938.txt
Network unreachable
Network unreachable
Network unreachable
Network unreachable
Network unreachable
Network unreachable
Network unreachable
Network unreachable
Network unreachable
Network unreachable
Network unreachable
Network unreachable
Network unreachable
Network unreachable
Network unreachable
Network unreachable
[18:20:19] rows: 4793 (ping 4308, trace 485) -> panel_20260829_132019.csv + routes_20260829_132019.txt
Network unreachable
Network unreachable
Network unreachable
Network unreachable
Network unreachable
Network unreachable
Network unreachable
Network unreachable
Network unreachable
Network unreachable
Network unreachable
Network unreachable
Network unreachable
Network unreachable
Network unreachable
Network unreachable
[19:20:51] rows: 5031 (ping 4546, trace 485) -> panel_20260829_142051.csv + routes_20260829_142051.txt
Network unreachable
Network unreachable
Network unreachable
Network unreachable
Network unreachable
Network unreachable
Network unreachable
Network unreachable
Network unreachable
Network unreachable
Network unreachable
Network unreachable
Network unreachable
Network unreachable
Network unreachable
Network unreachable
[20:21:33] rows: 5259 (ping 4774, trace 485) -> panel_20260829_152133.csv + routes_20260829_152133.txt
Network unreachable
Network unreachable
Network unreachable
Network unreachable
Network unreachable
Network unreachable
Network unreachable
Network unreachable
Network unreachable
Network unreachable
Network unreachable
Network unreachable
Network unreachable
Network unreachable
Network unreachable
Network unreachable
[21:22:13] rows: 5497 (ping 5012, trace 485) -> panel_20260829_162213.csv + routes_20260829_162213.txt
Network unreachable
Network unreachable
Network unreachable
Network unreachable
Network unreachable
Network unreachable
Network unreachable
Network unreachable
Network unreachable
Network unreachable
Network unreachable
Network unreachable
Network unreachable
Network unreachable
Network unreachable
Network unreachable
[22:22:47] rows: 5709 (ping 5224, trace 485) -> panel_20260829_172247.csv + routes_20260829_172247.txt
Network unreachable
Network unreachable
Network unreachable
Network unreachable
Network unreachable
Network unreachable
Network unreachable
Network unreachable
Network unreachable
Network unreachable
Network unreachable
Network unreachable
Network unreachable
Network unreachable
Network unreachable
Network unreachable
[23:23:24] rows: 5931 (ping 5446, trace 485) -> panel_20260829_182324.csv + routes_20260829_182324.txt
Network unreachable
Network unreachable
Network unreachable
connect failed: Network is unreachable
Network unreachable
Network unreachable
Network unreachable
connect failed: Network is unreachable
connect failed: Network is unreachable
connect failed: Network is unreachable
connect failed: Network is unreachable
connect failed: Network is unreachable
Network unreachable
Network unreachable
Network unreachable
connect failed: Network is unreachable
connect failed: Network is unreachable
Network unreachable
Network unreachable
Network unreachable
connect failed: Network is unreachable
Network unreachable
Network unreachable
connect failed: Network is unreachable
connect failed: Network is unreachable
Network unreachable
Network unreachable
connect failed: Network is unreachable
connect failed: Network is unreachable
connect failed: Network is unreachable
connect failed: Network is unreachable
connect failed: Network is unreachable
connect failed: Network is unreachable
[07:18:33] rows: 7711 (ping 7003, trace 708) -> panel_20260830_021833.csv + routes_20260830_021833.txt
Network unreachable
Network unreachable
Network unreachable
connect failed: Network is unreachable
Network unreachable
Network unreachable
Network unreachable
connect failed: Network is unreachable
connect failed: Network is unreachable
connect failed: Network is unreachable
connect failed: Network is unreachable
connect failed: Network is unreachable
Network unreachable
Network unreachable
Network unreachable
connect failed: Network is unreachable
connect failed: Network is unreachable
Network unreachable
Network unreachable
Network unreachable
connect failed: Network is unreachable
Network unreachable
Network unreachable
connect failed: Network is unreachable
connect failed: Network is unreachable
Network unreachable
Network unreachable
connect failed: Network is unreachable
connect failed: Network is unreachable
connect failed: Network is unreachable
connect failed: Network is unreachable
connect failed: Network is unreachable
connect failed: Network is unreachable
[12:49:54] rows: 9202 (ping 8494, trace 708) -> panel_20260830_074954.csv + routes_20260830_074954.txt
Network unreachable
Network unreachable
Network unreachable
connect failed: Network is unreachable
Network unreachable
Network unreachable
Network unreachable
connect failed: Network is unreachable
connect failed: Network is unreachable
connect failed: Network is unreachable
connect failed: Network is unreachable
connect failed: Network is unreachable
Network unreachable
Network unreachable
Network unreachable
connect failed: Network is unreachable
connect failed: Network is unreachable
Network unreachable
Network unreachable
Network unreachable
connect failed: Network is unreachable
Network unreachable
Network unreachable
connect failed: Network is unreachable
connect failed: Network is unreachable
Network unreachable
Network unreachable
connect failed: Network is unreachable
connect failed: Network is unreachable
connect failed: Network is unreachable
connect failed: Network is unreachable
connect failed: Network is unreachable
connect failed: Network is unreachable
[13:51:03] rows: 9678 (ping 8732, trace 946) -> panel_20260830_085103.csv + routes_20260830_085103.txt
Network unreachable
Network unreachable
Network unreachable
connect failed: Network is unreachable
Network unreachable
Network unreachable
Network unreachable
connect failed: Network is unreachable
connect failed: Network is unreachable
connect failed: Network is unreachable
connect failed: Network is unreachable
connect failed: Network is unreachable
Network unreachable
Network unreachable
Network unreachable
connect failed: Network is unreachable
connect failed: Network is unreachable
Network unreachable
Network unreachable
Network unreachable
connect failed: Network is unreachable
Network unreachable
Network unreachable
connect failed: Network is unreachable
connect failed: Network is unreachable
Network unreachable
Network unreachable
connect failed: Network is unreachable
connect failed: Network is unreachable
connect failed: Network is unreachable
connect failed: Network is unreachable
connect failed: Network is unreachable
connect failed: Network is unreachable
[14:51:46] rows: 9916 (ping 8970, trace 946) -> panel_20260830_095146.csv + routes_20260830_095146.txt
Network unreachable
Network unreachable
Network unreachable
connect failed: Network is unreachable
Network unreachable
Network unreachable
Network unreachable
connect failed: Network is unreachable
connect failed: Network is unreachable
connect failed: Network is unreachable
connect failed: Network is unreachable
connect failed: Network is unreachable
Network unreachable
Network unreachable
Network unreachable
connect failed: Network is unreachable
connect failed: Network is unreachable
Network unreachable
Network unreachable
Network unreachable
connect failed: Network is unreachable
Network unreachable
Network unreachable
connect failed: Network is unreachable
connect failed: Network is unreachable
Network unreachable
Network unreachable
connect failed: Network is unreachable
connect failed: Network is unreachable
connect failed: Network is unreachable
connect failed: Network is unreachable
connect failed: Network is unreachable
connect failed: Network is unreachable
[15:52:20] rows: 10154 (ping 9208, trace 946) -> panel_20260830_105220.csv + routes_20260830_105220.txt
Network unreachable
Network unreachable
Network unreachable
connect failed: Network is unreachable
Network unreachable
Network unreachable
Network unreachable
connect failed: Network is unreachable
connect failed: Network is unreachable
connect failed: Network is unreachable
connect failed: Network is unreachable
connect failed: Network is unreachable
Network unreachable
Network unreachable
Network unreachable
connect failed: Network is unreachable
connect failed: Network is unreachable
Network unreachable
Network unreachable
Network unreachable
connect failed: Network is unreachable
Network unreachable
Network unreachable
connect failed: Network is unreachable
connect failed: Network is unreachable
Network unreachable
Network unreachable
connect failed: Network is unreachable
connect failed: Network is unreachable
connect failed: Network is unreachable
connect failed: Network is unreachable
connect failed: Network is unreachable
connect failed: Network is unreachable
[16:52:58] rows: 10511 (ping 9548, trace 963) -> panel_20260830_115258.csv + routes_20260830_115258.txt
Network unreachable
Network unreachable
Network unreachable
connect failed: Network is unreachable
Network unreachable
Network unreachable
Network unreachable
connect failed: Network is unreachable
connect failed: Network is unreachable
connect failed: Network is unreachable
connect failed: Network is unreachable
connect failed: Network is unreachable
Network unreachable
Network unreachable
Network unreachable
connect failed: Network is unreachable
connect failed: Network is unreachable
Network unreachable
Network unreachable
Network unreachable
connect failed: Network is unreachable
Network unreachable
Network unreachable
connect failed: Network is unreachable
connect failed: Network is unreachable
Network unreachable
Network unreachable
connect failed: Network is unreachable
connect failed: Network is unreachable
connect failed: Network is unreachable
connect failed: Network is unreachable
connect failed: Network is unreachable
connect failed: Network is unreachable
[17:53:40] rows: 10749 (ping 9786, trace 963) -> panel_20260830_125340.csv + routes_20260830_125340.txt
Network unreachable
Network unreachable
Network unreachable
connect failed: Network is unreachable
Network unreachable
Network unreachable
Network unreachable
connect failed: Network is unreachable
connect failed: Network is unreachable
connect failed: Network is unreachable
connect failed: Network is unreachable
connect failed: Network is unreachable
Network unreachable
Network unreachable
Network unreachable
connect failed: Network is unreachable
connect failed: Network is unreachable
Network unreachable
Network unreachable
Network unreachable
connect failed: Network is unreachable
Network unreachable
Network unreachable
connect failed: Network is unreachable
connect failed: Network is unreachable
Network unreachable
Network unreachable
connect failed: Network is unreachable
connect failed: Network is unreachable
connect failed: Network is unreachable
connect failed: Network is unreachable
connect failed: Network is unreachable
connect failed: Network is unreachable
[18:54:29] rows: 10992 (ping 10029, trace 963) -> panel_20260830_135429.csv + routes_20260830_135429.txt
Network unreachable
Network unreachable
Network unreachable
connect failed: Network is unreachable
Network unreachable
Network unreachable
Network unreachable
connect failed: Network is unreachable
connect failed: Network is unreachable
connect failed: Network is unreachable
connect failed: Network is unreachable
connect failed: Network is unreachable
Network unreachable
Network unreachable
Network unreachable
connect failed: Network is unreachable
connect failed: Network is unreachable
Network unreachable
Network unreachable
Network unreachable
connect failed: Network is unreachable
Network unreachable
Network unreachable
connect failed: Network is unreachable
connect failed: Network is unreachable
Network unreachable
Network unreachable
connect failed: Network is unreachable
connect failed: Network is unreachable
connect failed: Network is unreachable
connect failed: Network is unreachable
connect failed: Network is unreachable
connect failed: Network is unreachable
[19:55:08] rows: 11247 (ping 10284, trace 963) -> panel_20260830_145508.csv + routes_20260830_145508.txt
Network unreachable
Network unreachable
Network unreachable
connect failed: Network is unreachable
Network unreachable
Network unreachable
Network unreachable
connect failed: Network is unreachable
connect failed: Network is unreachable
connect failed: Network is unreachable
connect failed: Network is unreachable
connect failed: Network is unreachable
Network unreachable
Network unreachable
Network unreachable
connect failed: Network is unreachable
connect failed: Network is unreachable
Network unreachable
Network unreachable
Network unreachable
connect failed: Network is unreachable
Network unreachable
Network unreachable
connect failed: Network is unreachable
connect failed: Network is unreachable
Network unreachable
Network unreachable
connect failed: Network is unreachable
connect failed: Network is unreachable
connect failed: Network is unreachable
connect failed: Network is unreachable
connect failed: Network is unreachable
connect failed: Network is unreachable
[20:55:51] rows: 11502 (ping 10539, trace 963) -> panel_20260830_155551.csv + routes_20260830_155551.txt
Network unreachable
Network unreachable
Network unreachable
connect failed: Network is unreachable
Network unreachable
Network unreachable
Network unreachable
connect failed: Network is unreachable
connect failed: Network is unreachable
connect failed: Network is unreachable
connect failed: Network is unreachable
connect failed: Network is unreachable
Network unreachable
Network unreachable
Network unreachable
connect failed: Network is unreachable
connect failed: Network is unreachable
Network unreachable
Network unreachable
Network unreachable
connect failed: Network is unreachable
Network unreachable
Network unreachable
connect failed: Network is unreachable
connect failed: Network is unreachable
Network unreachable
Network unreachable
connect failed: Network is unreachable
connect failed: Network is unreachable
connect failed: Network is unreachable
connect failed: Network is unreachable
connect failed: Network is unreachable
connect failed: Network is unreachable
[21:56:30] rows: 11757 (ping 10794, trace 963) -> panel_20260830_165630.csv + routes_20260830_165630.txt
Network unreachable
Network unreachable
Network unreachable
connect failed: Network is unreachable
Network unreachable
Network unreachable
Network unreachable
connect failed: Network is unreachable
connect failed: Network is unreachable
connect failed: Network is unreachable
connect failed: Network is unreachable
connect failed: Network is unreachable
Network unreachable
Network unreachable
Network unreachable
connect failed: Network is unreachable
connect failed: Network is unreachable
Network unreachable
Network unreachable
Network unreachable
connect failed: Network is unreachable
Network unreachable
Network unreachable
connect failed: Network is unreachable
connect failed: Network is unreachable
Network unreachable
Network unreachable
connect failed: Network is unreachable
connect failed: Network is unreachable
connect failed: Network is unreachable
connect failed: Network is unreachable
connect failed: Network is unreachable
connect failed: Network is unreachable
Network unreachable
Network unreachable
Network unreachable
connect failed: Network is unreachable
Network unreachable
Network unreachable
Network unreachable
connect failed: Network is unreachable
connect failed: Network is unreachable
connect failed: Network is unreachable
connect failed: Network is unreachable
connect failed: Network is unreachable
Network unreachable
Network unreachable
Network unreachable
connect failed: Network is unreachable
connect failed: Network is unreachable
Network unreachable
Network unreachable
Network unreachable
connect failed: Network is unreachable
Network unreachable
Network unreachable
connect failed: Network is unreachable
connect failed: Network is unreachable
Network unreachable
Network unreachable
connect failed: Network is unreachable
connect failed: Network is unreachable
connect failed: Network is unreachable
connect failed: Network is unreachable
connect failed: Network is unreachable
connect failed: Network is unreachable
Network unreachable
Network unreachable
Network unreachable
connect failed: Network is unreachable
Network unreachable
Network unreachable
Network unreachable
connect failed: Network is unreachable
connect failed: Network is unreachable
connect failed: Network is unreachable
connect failed: Network is unreachable
connect failed: Network is unreachable
Network unreachable
Network unreachable
Network unreachable
connect failed: Network is unreachable
connect failed: Network is unreachable
Network unreachable
Network unreachable
Network unreachable
connect failed: Network is unreachable
Network unreachable
Network unreachable
connect failed: Network is unreachable
connect failed: Network is unreachable
Network unreachable
Network unreachable
connect failed: Network is unreachable
connect failed: Network is unreachable
connect failed: Network is unreachable
connect failed: Network is unreachable
connect failed: Network is unreachable
connect failed: Network is unreachable
Network unreachable
Network unreachable
Network unreachable
connect failed: Network is unreachable
Network unreachable
Network unreachable
Network unreachable
connect failed: Network is unreachable
connect failed: Network is unreachable
connect failed: Network is unreachable
connect failed: Network is unreachable
connect failed: Network is unreachable
Network unreachable
Network unreachable
Network unreachable
connect failed: Network is unreachable
connect failed: Network is unreachable
Network unreachable
Network unreachable
Network unreachable
connect failed: Network is unreachable
Network unreachable
Network unreachable
connect failed: Network is unreachable
connect failed: Network is unreachable
Network unreachable
Network unreachable
connect failed: Network is unreachable
connect failed: Network is unreachable
connect failed: Network is unreachable
connect failed: Network is unreachable
connect failed: Network is unreachable
connect failed: Network is unreachable
Network unreachable
Network unreachable
Network unreachable
connect failed: Network is unreachable
Network unreachable
Network unreachable
Network unreachable
connect failed: Network is unreachable
connect failed: Network is unreachable
connect failed: Network is unreachable
connect failed: Network is unreachable
connect failed: Network is unreachable
Network unreachable
Network unreachable
Network unreachable
connect failed: Network is unreachable
connect failed: Network is unreachable
Network unreachable
Network unreachable
Network unreachable
connect failed: Network is unreachable
Network unreachable
Network unreachable
connect failed: Network is unreachable
connect failed: Network is unreachable
Network unreachable
Network unreachable
connect failed: Network is unreachable
connect failed: Network is unreachable
connect failed: Network is unreachable
connect failed: Network is unreachable
connect failed: Network is unreachable
connect failed: Network is unreachable
Network unreachable
Network unreachable
Network unreachable
connect failed: Network is unreachable
Network unreachable
Network unreachable
Network unreachable
connect failed: Network is unreachable
connect failed: Network is unreachable
connect failed: Network is unreachable
connect failed: Network is unreachable
connect failed: Network is unreachable
Network unreachable
Network unreachable
Network unreachable
connect failed: Network is unreachable
connect failed: Network is unreachable
Network unreachable
Network unreachable
Network unreachable
connect failed: Network is unreachable
Network unreachable
Network unreachable
connect failed: Network is unreachable
connect failed: Network is unreachable
Network unreachable
Network unreachable
connect failed: Network is unreachable
connect failed: Network is unreachable
connect failed: Network is unreachable
connect failed: Network is unreachable
connect failed: Network is unreachable
connect failed: Network is unreachable
Network unreachable
Network unreachable
Network unreachable
connect failed: Network is unreachable
Network unreachable
Network unreachable
Network unreachable
connect failed: Network is unreachable
connect failed: Network is unreachable
connect failed: Network is unreachable
connect failed: Network is unreachable
connect failed: Network is unreachable
Network unreachable
Network unreachable
Network unreachable
connect failed: Network is unreachable
connect failed: Network is unreachable
Network unreachable
Network unreachable
Network unreachable
connect failed: Network is unreachable
Network unreachable
Network unreachable
connect failed: Network is unreachable
connect failed: Network is unreachable
Network unreachable
Network unreachable
connect failed: Network is unreachable
connect failed: Network is unreachable
connect failed: Network is unreachable
connect failed: Network is unreachable
connect failed: Network is unreachable
connect failed: Network is unreachable
